
> my-app-angular@0.0.0 build
> node --openssl-legacy-provider ./node_modules/@angular/cli/bin/ng build --progress=false


Initial Chunk Files | Names         |      Size
vendor.js           | vendor        |   6.19 MB
main.js             | main          |   1.75 MB
polyfills.js        | polyfills     | 141.34 kB
styles.css          | styles        |  11.58 kB
runtime.js          | runtime       |   6.15 kB

| Initial Total |   8.10 MB

Build at: 2026-04-20T18:15:21.024Z - Hash: 8746a7c9a313dfd92317 - Time: 43143ms
